\BOOKMARK [1][-]{section.1}{\376\377\133\236\232\214\151\202\217\360}{}% 1
\BOOKMARK [2][-]{subsection.1.1}{\376\377\133\236\232\214\163\257\130\203}{section.1}% 2
\BOOKMARK [2][-]{subsection.1.2}{\376\377\000G\000i\000t\000H\000u\000b\000\040\116\323\136\223\117\341\140\157}{section.1}% 3
\BOOKMARK [1][-]{section.2}{\376\377\213\376\116\012\133\236\232\214\000\040\000\050\173\054\000\040\0002\000\040\124\150\000\051}{}% 4
\BOOKMARK [2][-]{subsection.2.1}{\376\377\133\236\232\214\116\000\377\032\143\247\122\066\116\000\116\052\123\357\156\005\164\006\166\204\124\016\123\360\116\373\122\241}{section.2}% 5
\BOOKMARK [3][-]{subsubsection.2.1.1}{\376\377\230\230\166\356\211\201\154\102}{subsection.2.1}% 6
\BOOKMARK [3][-]{subsubsection.2.1.2}{\376\377\150\070\137\303\143\007\116\344\116\016\133\236\163\260}{subsection.2.1}% 7
\BOOKMARK [3][-]{subsubsection.2.1.3}{\376\377\133\236\232\214\122\006\147\220}{subsection.2.1}% 8
\BOOKMARK [3][-]{subsubsection.2.1.4}{\376\377\217\320\210\114\176\323\147\234}{subsection.2.1}% 9
\BOOKMARK [2][-]{subsection.2.2}{\376\377\133\236\232\214\116\214\377\032\213\355\116\111\221\315\147\204\116\016\147\054\127\060\137\000\123\321\123\315\231\210}{section.2}% 10
\BOOKMARK [3][-]{subsubsection.2.2.1}{\376\377\230\230\166\356\211\201\154\102}{subsection.2.2}% 11
\BOOKMARK [3][-]{subsubsection.2.2.2}{\376\377\150\070\137\303\143\007\116\344\116\016\133\236\163\260}{subsection.2.2}% 12
\BOOKMARK [3][-]{subsubsection.2.2.3}{\376\377\133\236\232\214\122\006\147\220}{subsection.2.2}% 13
\BOOKMARK [3][-]{subsubsection.2.2.4}{\376\377\217\320\210\114\176\323\147\234}{subsection.2.2}% 14
\BOOKMARK [2][-]{subsection.2.3}{\376\377\133\236\232\214\116\011\377\032\165\050\214\003\213\325\126\150\133\232\117\115\137\122\136\166\143\222\136\217\177\072\226\167}{section.2}% 15
\BOOKMARK [3][-]{subsubsection.2.3.1}{\376\377\230\230\166\356\211\201\154\102}{subsection.2.3}% 16
\BOOKMARK [3][-]{subsubsection.2.3.2}{\376\377\150\070\137\303\143\007\116\344\116\016\133\236\163\260}{subsection.2.3}% 17
\BOOKMARK [3][-]{subsubsection.2.3.3}{\376\377\133\236\232\214\122\006\147\220}{subsection.2.3}% 18
\BOOKMARK [3][-]{subsubsection.2.3.4}{\376\377\217\320\210\114\176\323\147\234}{subsection.2.3}% 19
\BOOKMARK [2][-]{subsection.2.4}{\376\377\133\236\232\214\126\333\377\032\121\110\155\113\221\317\377\014\121\215\117\030\123\026\141\142\220\037\213\315\230\221\172\013\136\217}{section.2}% 20
\BOOKMARK [3][-]{subsubsection.2.4.1}{\376\377\230\230\166\356\211\201\154\102}{subsection.2.4}% 21
\BOOKMARK [3][-]{subsubsection.2.4.2}{\376\377\150\070\137\303\143\007\116\344\116\016\133\236\163\260}{subsection.2.4}% 22
\BOOKMARK [3][-]{subsubsection.2.4.3}{\376\377\133\236\232\214\122\006\147\220}{subsection.2.4}% 23
\BOOKMARK [3][-]{subsubsection.2.4.4}{\376\377\217\320\210\114\176\323\147\234}{subsection.2.4}% 24
\BOOKMARK [1][-]{section.3}{\376\377\213\376\124\016\140\035\200\003\230\230}{}% 25
\BOOKMARK [2][-]{subsection.3.1}{\376\377\140\035\200\003\230\230\000\040\0001\377\032\162\171\153\212\123\302\145\160\000\040\040\023\000\040\116\016\116\345\167\355\152\052\176\277\137\000\131\064\166\204\145\207\116\366\124\015}{section.3}% 26
\BOOKMARK [2][-]{subsection.3.2}{\376\377\140\035\200\003\230\230\000\040\0002\377\032\176\304\124\010\000\040\000l\000s\000\040\123\302\145\160}{section.3}% 27
\BOOKMARK [2][-]{subsection.3.3}{\376\377\140\035\200\003\230\230\000\040\0003\377\032\217\333\172\013\146\377\143\142\116\016\000\040\000p\000r\000i\000n\000t\000e\000n\000v\060\001\000e\000x\000p\000o\000r\000t\000\040\166\204\123\072\122\053}{section.3}% 28
\BOOKMARK [2][-]{subsection.3.4}{\376\377\140\035\200\003\230\230\000\040\0004\377\032\177\026\121\231\000\040\000m\000a\000r\000c\000o\000\040\116\016\000\040\000p\000o\000l\000o\000\040\121\375\145\160}{section.3}% 29
\BOOKMARK [2][-]{subsection.3.5}{\376\377\140\035\200\003\230\230\000\040\0005\377\032\117\341\123\367\116\016\116\373\122\241\143\247\122\066\377\010\143\002\215\167\060\001\124\016\123\360\060\001\000p\000g\000r\000e\000p\060\001\000p\000k\000i\000l\000l\377\011}{section.3}% 30
\BOOKMARK [2][-]{subsection.3.6}{\376\377\140\035\200\003\230\230\000\040\0006\377\032\117\177\165\050\000\040\000w\000a\000i\000t\000\040\173\111\137\205\124\016\123\360\217\333\172\013\176\323\147\137}{section.3}% 31
\BOOKMARK [2][-]{subsection.3.7}{\376\377\140\035\200\003\230\230\000\040\0007\377\032\177\026\121\231\000\040\000p\000i\000d\000w\000a\000i\000t\000\040\121\375\145\160\173\111\137\205\116\373\141\017\000\040\000p\000i\000d\000\040\176\323\147\137}{section.3}% 32
\BOOKMARK [2][-]{subsection.3.8}{\376\377\140\035\200\003\230\230\000\040\0008\377\032\165\050\000\040\000p\000d\000b\000\040\214\003\213\325\137\122\136\166\143\222\136\217\377\014\133\232\117\115\000\040\000m\000e\000r\000g\000e\000\040\116\055\166\204\123\326\121\103\175\040\225\031\213\357}{section.3}% 33
\BOOKMARK [2][-]{subsection.3.9}{\376\377\140\035\200\003\230\230\000\040\0009\377\032\165\050\000\040\000g\000d\000b\000\040\133\232\117\115\000\040\000u\000a\000f\000.\000c\000\040\166\204\221\312\145\076\124\016\117\177\165\050\377\010\000U\000A\000F\377\011}{section.3}% 34
\BOOKMARK [2][-]{subsection.3.10}{\376\377\140\035\200\003\230\230\000\040\0001\0000\377\032\165\050\000\040\000g\000d\000b\000\040\211\302\133\337\160\271\133\232\117\115\000\040\000c\000o\000r\000r\000u\000p\000t\000i\000o\000n\000.\000c\000\040\166\204\215\212\165\114\121\231}{section.3}% 35
\BOOKMARK [1][-]{section.4}{\376\377\133\236\232\214\140\073\176\323\116\016\141\037\140\237}{}% 36
\BOOKMARK [2][-]{subsection.4.1}{\376\377\220\107\122\060\166\204\225\356\230\230\116\016\211\343\121\263\145\271\154\325}{section.4}% 37
\BOOKMARK [2][-]{subsection.4.2}{\376\377\137\303\137\227\117\123\117\032}{section.4}% 38
