\BOOKMARK [1][-]{section.1}{\376\377\133\236\232\214\151\202\217\360}{}% 1
\BOOKMARK [2][-]{subsection.1.1}{\376\377\133\236\232\214\163\257\130\203}{section.1}% 2
\BOOKMARK [2][-]{subsection.1.2}{\376\377\000G\000i\000t\000H\000u\000b\000\040\116\323\136\223\117\341\140\157}{section.1}% 3
\BOOKMARK [1][-]{section.2}{\376\377\213\376\116\012\133\236\232\214\000\040\000\050\173\054\000\040\0001\000\040\124\150\000\051}{}% 4
\BOOKMARK [2][-]{subsection.2.1}{\376\377\133\236\232\214\116\000\377\032\124\053\172\172\150\074\145\207\116\366\124\015\166\204\142\171\221\317\145\164\164\006}{section.2}% 5
\BOOKMARK [3][-]{subsubsection.2.1.1}{\376\377\230\230\166\356\211\201\154\102}{subsection.2.1}% 6
\BOOKMARK [3][-]{subsubsection.2.1.2}{\376\377\150\070\137\303\143\007\116\344\116\016\133\236\163\260}{subsection.2.1}% 7
\BOOKMARK [3][-]{subsubsection.2.1.3}{\376\377\133\236\232\214\122\006\147\220\116\016\226\276\160\271}{subsection.2.1}% 8
\BOOKMARK [3][-]{subsubsection.2.1.4}{\376\377\217\320\210\114\176\323\147\234}{subsection.2.1}% 9
\BOOKMARK [2][-]{subsection.2.2}{\376\377\133\236\232\214\116\214\377\032\226\217\147\072\213\277\225\356\145\345\137\327\176\337\213\241}{section.2}% 10
\BOOKMARK [3][-]{subsubsection.2.2.1}{\376\377\230\230\166\356\211\201\154\102}{subsection.2.2}% 11
\BOOKMARK [3][-]{subsubsection.2.2.2}{\376\377\201\032\147\054\133\236\163\260\000\040\000\050\000a\000n\000a\000l\000y\000z\000e\000.\000s\000h\000\051}{subsection.2.2}% 12
\BOOKMARK [3][-]{subsubsection.2.2.3}{\376\377\217\320\210\114\176\323\147\234}{subsection.2.2}% 13
\BOOKMARK [2][-]{subsection.2.3}{\376\377\133\236\232\214\116\011\377\032\122\066\220\040\060\001\211\343\121\263\136\166\211\343\221\312\116\000\153\041\124\010\136\166\121\262\172\201}{section.2}% 14
\BOOKMARK [3][-]{subsubsection.2.3.1}{\376\377\230\230\166\356\211\201\154\102}{subsection.2.3}% 15
\BOOKMARK [3][-]{subsubsection.2.3.2}{\376\377\000G\000i\000t\000\040\144\315\117\134\155\101\172\013}{subsection.2.3}% 16
\BOOKMARK [3][-]{subsubsection.2.3.3}{\376\377\121\262\172\201\211\343\121\263\122\006\147\220}{subsection.2.3}% 17
\BOOKMARK [3][-]{subsubsection.2.3.4}{\376\377\217\320\210\114\176\323\147\234}{subsection.2.3}% 18
\BOOKMARK [2][-]{subsection.2.4}{\376\377\133\236\232\214\126\333\377\032\117\356\131\015\136\166\147\204\136\372\116\000\230\165\142\200\147\057\213\364\146\016\000\040\000\050\000L\000a\000T\000e\000X\000\051}{section.2}% 19
\BOOKMARK [3][-]{subsubsection.2.4.1}{\376\377\230\230\166\356\211\201\154\102}{subsection.2.4}% 20
\BOOKMARK [3][-]{subsubsection.2.4.2}{\376\377\133\236\163\260\116\343\170\001\162\107\153\265}{subsection.2.4}% 21
\BOOKMARK [3][-]{subsubsection.2.4.3}{\376\377\177\026\213\321\143\007\116\344}{subsection.2.4}% 22
\BOOKMARK [3][-]{subsubsection.2.4.4}{\376\377\217\320\210\114\176\323\147\234}{subsection.2.4}% 23
\BOOKMARK [1][-]{section.3}{\376\377\213\376\124\016\140\035\200\003\230\230}{}% 24
\BOOKMARK [2][-]{subsection.3.1}{\376\377\140\035\200\003\230\230\000\040\0001\377\032\150\007\121\306\155\101\221\315\133\232\124\021}{section.3}% 25
\BOOKMARK [2][-]{subsection.3.2}{\376\377\140\035\200\003\230\230\000\040\0002\377\032\147\141\116\366\142\147\210\114\116\016\166\356\137\125\122\033\136\372}{section.3}% 26
\BOOKMARK [2][-]{subsection.3.3}{\376\377\140\035\200\003\230\230\000\040\0003\377\032\000c\000d\000\040\116\072\116\300\116\110\137\305\230\173\146\057\121\205\136\372\124\175\116\344}{section.3}% 27
\BOOKMARK [2][-]{subsection.3.4}{\376\377\140\035\200\003\230\230\000\040\0004\377\032\145\207\116\366\133\130\127\050\140\047\150\300\147\345\201\032\147\054}{section.3}% 28
\BOOKMARK [2][-]{subsection.3.5}{\376\377\140\035\200\003\230\230\000\040\0005\377\032\000s\000e\000t\000\040\000-\000x\000\040\166\204\117\134\165\050}{section.3}% 29
\BOOKMARK [2][-]{subsection.3.6}{\376\377\140\035\200\003\230\230\000\040\0006\377\032\136\046\145\345\147\037\166\204\145\207\116\366\131\007\116\375}{section.3}% 30
\BOOKMARK [2][-]{subsection.3.7}{\376\377\140\035\200\003\230\230\000\040\0007\377\032\176\337\213\241\136\070\211\301\145\207\116\366\142\151\134\125\124\015}{section.3}% 31
\BOOKMARK [2][-]{subsection.3.8}{\376\377\140\035\200\003\230\230\000\040\0008\377\032\000x\000a\000r\000g\000s\000\040\116\016\172\172\150\074\131\004\164\006}{section.3}% 32
\BOOKMARK [2][-]{subsection.3.9}{\376\377\140\035\200\003\230\230\000\040\0009\377\032\000S\000h\000e\000l\000l\000\040\137\025\165\050\147\072\122\066}{section.3}% 33
\BOOKMARK [2][-]{subsection.3.10}{\376\377\140\035\200\003\230\230\000\040\0001\0000\377\032\000G\000l\000o\000b\000\040\152\041\137\017\123\071\221\115}{section.3}% 34
\BOOKMARK [2][-]{subsection.3.11}{\376\377\140\035\200\003\230\230\000\040\0001\0001\377\032\000l\000s\000\040\000-\000l\000\040\217\223\121\372\150\074\137\017\211\343\147\220}{section.3}% 35
\BOOKMARK [1][-]{section.4}{\376\377\133\236\232\214\140\073\176\323\116\016\141\037\140\237}{}% 36
\BOOKMARK [2][-]{subsection.4.1}{\376\377\220\107\122\060\166\204\225\356\230\230\116\016\211\343\121\263\145\271\154\325}{section.4}% 37
\BOOKMARK [2][-]{subsection.4.2}{\376\377\137\303\137\227\117\123\117\032}{section.4}% 38
